2026-05-13T14:31:58.313+03:00  INFO 51148 --- [ro.uaic.App.main()] ro.uaic.App                              : Starting App using Java 26.0.1 with PID 51148 (/home/eeemy/Work/Info/Java/Lab11/Server/target/classes started by eeemy in /home/eeemy/Work/Info/Java/Lab11/Server)
2026-05-13T14:31:58.314+03:00  INFO 51148 --- [ro.uaic.App.main()] ro.uaic.App                              : No active profile set, falling back to 1 default profile: "default"
2026-05-13T14:31:58.562+03:00  INFO 51148 --- [ro.uaic.App.main()] .s.d.r.c.RepositoryConfigurationDelegate : Bootstrapping Spring Data JPA repositories in DEFAULT mode.
2026-05-13T14:31:58.595+03:00  INFO 51148 --- [ro.uaic.App.main()] .s.d.r.c.RepositoryConfigurationDelegate : Finished Spring Data repository scanning in 28 ms. Found 4 JPA repository interfaces.
2026-05-13T14:31:58.852+03:00  INFO 51148 --- [ro.uaic.App.main()] org.hibernate.orm.jpa                    : HHH008540: Processing PersistenceUnitInfo [name: default]
2026-05-13T14:31:58.891+03:00  INFO 51148 --- [ro.uaic.App.main()] org.hibernate.orm.core                   : HHH000001: Hibernate ORM core version 7.2.12.Final
2026-05-13T14:31:59.137+03:00  INFO 51148 --- [ro.uaic.App.main()] o.s.o.j.p.SpringPersistenceUnitInfo      : No LoadTimeWeaver setup: ignoring JPA class transformer
2026-05-13T14:31:59.155+03:00  INFO 51148 --- [ro.uaic.App.main()] com.zaxxer.hikari.HikariDataSource       : HikariPool-1 - Starting...
2026-05-13T14:31:59.253+03:00  INFO 51148 --- [ro.uaic.App.main()] com.zaxxer.hikari.pool.HikariPool        : HikariPool-1 - Added connection org.postgresql.jdbc.PgConnection@1bfab76b
2026-05-13T14:31:59.254+03:00  INFO 51148 --- [ro.uaic.App.main()] com.zaxxer.hikari.HikariDataSource       : HikariPool-1 - Start completed.
2026-05-13T14:31:59.268+03:00  WARN 51148 --- [ro.uaic.App.main()] org.hibernate.orm.deprecation            : HHH90000025: PostgreSQLDialect does not need to be specified explicitly using 'hibernate.dialect' (remove the property setting and it will be selected by default)
2026-05-13T14:31:59.282+03:00  INFO 51148 --- [ro.uaic.App.main()] org.hibernate.orm.connections.pooling    : HHH10001005: Database info:
	Database JDBC URL [jdbc:postgresql://localhost:5432/lab11db]
	Database driver: PostgreSQL JDBC Driver
	Database dialect: PostgreSQLDialect
	Database version: 18.3
	Default catalog/schema: lab11db/public
	Autocommit mode: undefined/unknown
	Isolation level: READ_COMMITTED [default READ_COMMITTED]
	JDBC fetch size: none
	Pool: DataSourceConnectionProvider
	Minimum pool size: undefined/unknown
	Maximum pool size: undefined/unknown
2026-05-13T14:31:59.753+03:00  INFO 51148 --- [ro.uaic.App.main()] org.hibernate.orm.core                   : HHH000489: No JTA platform available (set 'hibernate.transaction.jta.platform' to enable JTA platform integration)
2026-05-13T14:31:59.796+03:00  INFO 51148 --- [ro.uaic.App.main()] j.LocalContainerEntityManagerFactoryBean : Initialized JPA EntityManagerFactory for persistence unit 'default'
2026-05-13T14:31:59.849+03:00  INFO 51148 --- [ro.uaic.App.main()] o.s.d.j.r.query.QueryEnhancerFactories   : Hibernate is in classpath; If applicable, HQL parser will be used.
2026-05-13T14:32:00.294+03:00  INFO 51148 --- [ro.uaic.App.main()] ro.uaic.App                              : Started App in 2.227 seconds (process running for 3.323)
2026-05-13T14:33:03.883+03:00  INFO 51148 --- [SpringApplicationShutdownHook] j.LocalContainerEntityManagerFactoryBean : Closing JPA EntityManagerFactory for persistence unit 'default'
2026-05-13T14:33:03.884+03:00  WARN 51148 --- [SpringApplicationShutdownHook] o.s.b.f.support.DisposableBeanAdapter    : Invocation of destroy method failed on bean with name 'entityManagerFactory': java.lang.NoClassDefFoundError: org/springframework/util/ConcurrentReferenceHashMap$Values
2026-05-13T14:33:03.885+03:00  INFO 51148 --- [SpringApplicationShutdownHook] com.zaxxer.hikari.HikariDataSource       : HikariPool-1 - Shutdown initiated...
2026-05-13T14:33:03.887+03:00  INFO 51148 --- [SpringApplicationShutdownHook] com.zaxxer.hikari.HikariDataSource       : HikariPool-1 - Shutdown completed.
2026-05-13T14:36:15.155+03:00  INFO 51946 --- [ro.uaic.App.main()] ro.uaic.App                              : Starting App using Java 26.0.1 with PID 51946 (/home/eeemy/Work/Info/Java/Lab11/Server/target/classes started by eeemy in /home/eeemy/Work/Info/Java/Lab11/Server)
2026-05-13T14:36:15.157+03:00  INFO 51946 --- [ro.uaic.App.main()] ro.uaic.App                              : No active profile set, falling back to 1 default profile: "default"
2026-05-13T14:36:15.409+03:00  INFO 51946 --- [ro.uaic.App.main()] .s.d.r.c.RepositoryConfigurationDelegate : Bootstrapping Spring Data JPA repositories in DEFAULT mode.
2026-05-13T14:36:15.447+03:00  INFO 51946 --- [ro.uaic.App.main()] .s.d.r.c.RepositoryConfigurationDelegate : Finished Spring Data repository scanning in 33 ms. Found 4 JPA repository interfaces.
2026-05-13T14:36:15.719+03:00  INFO 51946 --- [ro.uaic.App.main()] org.hibernate.orm.jpa                    : HHH008540: Processing PersistenceUnitInfo [name: default]
2026-05-13T14:36:15.760+03:00  INFO 51946 --- [ro.uaic.App.main()] org.hibernate.orm.core                   : HHH000001: Hibernate ORM core version 7.2.12.Final
2026-05-13T14:36:15.998+03:00  INFO 51946 --- [ro.uaic.App.main()] o.s.o.j.p.SpringPersistenceUnitInfo      : No LoadTimeWeaver setup: ignoring JPA class transformer
2026-05-13T14:36:16.015+03:00  INFO 51946 --- [ro.uaic.App.main()] com.zaxxer.hikari.HikariDataSource       : HikariPool-1 - Starting...
2026-05-13T14:36:16.119+03:00  INFO 51946 --- [ro.uaic.App.main()] com.zaxxer.hikari.pool.HikariPool        : HikariPool-1 - Added connection org.postgresql.jdbc.PgConnection@7a9463ba
2026-05-13T14:36:16.120+03:00  INFO 51946 --- [ro.uaic.App.main()] com.zaxxer.hikari.HikariDataSource       : HikariPool-1 - Start completed.
2026-05-13T14:36:16.136+03:00  WARN 51946 --- [ro.uaic.App.main()] org.hibernate.orm.deprecation            : HHH90000025: PostgreSQLDialect does not need to be specified explicitly using 'hibernate.dialect' (remove the property setting and it will be selected by default)
2026-05-13T14:36:16.150+03:00  INFO 51946 --- [ro.uaic.App.main()] org.hibernate.orm.connections.pooling    : HHH10001005: Database info:
	Database JDBC URL [jdbc:postgresql://localhost:5432/lab11db]
	Database driver: PostgreSQL JDBC Driver
	Database dialect: PostgreSQLDialect
	Database version: 18.3
	Default catalog/schema: lab11db/public
	Autocommit mode: undefined/unknown
	Isolation level: READ_COMMITTED [default READ_COMMITTED]
	JDBC fetch size: none
	Pool: DataSourceConnectionProvider
	Minimum pool size: undefined/unknown
	Maximum pool size: undefined/unknown
2026-05-13T14:36:16.604+03:00  INFO 51946 --- [ro.uaic.App.main()] org.hibernate.orm.core                   : HHH000489: No JTA platform available (set 'hibernate.transaction.jta.platform' to enable JTA platform integration)
2026-05-13T14:36:16.646+03:00  INFO 51946 --- [ro.uaic.App.main()] j.LocalContainerEntityManagerFactoryBean : Initialized JPA EntityManagerFactory for persistence unit 'default'
2026-05-13T14:36:16.704+03:00  INFO 51946 --- [ro.uaic.App.main()] o.s.d.j.r.query.QueryEnhancerFactories   : Hibernate is in classpath; If applicable, HQL parser will be used.
2026-05-13T14:36:17.203+03:00  INFO 51946 --- [ro.uaic.App.main()] ro.uaic.App                              : Started App in 2.289 seconds (process running for 3.396)
2026-05-13T14:37:17.170+03:00  INFO 51946 --- [SpringApplicationShutdownHook] j.LocalContainerEntityManagerFactoryBean : Closing JPA EntityManagerFactory for persistence unit 'default'
2026-05-13T14:37:17.171+03:00  WARN 51946 --- [SpringApplicationShutdownHook] o.s.b.f.support.DisposableBeanAdapter    : Invocation of destroy method failed on bean with name 'entityManagerFactory': java.lang.NoClassDefFoundError: org/springframework/util/ConcurrentReferenceHashMap$Values
2026-05-13T14:37:17.171+03:00  INFO 51946 --- [SpringApplicationShutdownHook] com.zaxxer.hikari.HikariDataSource       : HikariPool-1 - Shutdown initiated...
2026-05-13T14:37:17.173+03:00  INFO 51946 --- [SpringApplicationShutdownHook] com.zaxxer.hikari.HikariDataSource       : HikariPool-1 - Shutdown completed.
2026-05-13T15:50:21.873+03:00  INFO 59904 --- [ro.uaic.App.main()] ro.uaic.App                              : Starting App using Java 26.0.1 with PID 59904 (/home/eeemy/Work/Info/Java/Lab11/Server/target/classes started by eeemy in /home/eeemy/Work/Info/Java/Lab11/Server)
2026-05-13T15:50:21.876+03:00  INFO 59904 --- [ro.uaic.App.main()] ro.uaic.App                              : No active profile set, falling back to 1 default profile: "default"
2026-05-13T15:50:22.233+03:00  INFO 59904 --- [ro.uaic.App.main()] .s.d.r.c.RepositoryConfigurationDelegate : Bootstrapping Spring Data JPA repositories in DEFAULT mode.
2026-05-13T15:50:22.283+03:00  INFO 59904 --- [ro.uaic.App.main()] .s.d.r.c.RepositoryConfigurationDelegate : Finished Spring Data repository scanning in 44 ms. Found 4 JPA repository interfaces.
2026-05-13T15:50:22.598+03:00  INFO 59904 --- [ro.uaic.App.main()] org.hibernate.orm.jpa                    : HHH008540: Processing PersistenceUnitInfo [name: default]
2026-05-13T15:50:22.645+03:00  INFO 59904 --- [ro.uaic.App.main()] org.hibernate.orm.core                   : HHH000001: Hibernate ORM core version 7.2.12.Final
2026-05-13T15:50:22.960+03:00  INFO 59904 --- [ro.uaic.App.main()] o.s.o.j.p.SpringPersistenceUnitInfo      : No LoadTimeWeaver setup: ignoring JPA class transformer
2026-05-13T15:50:22.983+03:00  INFO 59904 --- [ro.uaic.App.main()] com.zaxxer.hikari.HikariDataSource       : HikariPool-1 - Starting...
2026-05-13T15:50:23.117+03:00  INFO 59904 --- [ro.uaic.App.main()] com.zaxxer.hikari.pool.HikariPool        : HikariPool-1 - Added connection org.postgresql.jdbc.PgConnection@2f58defa
2026-05-13T15:50:23.118+03:00  INFO 59904 --- [ro.uaic.App.main()] com.zaxxer.hikari.HikariDataSource       : HikariPool-1 - Start completed.
2026-05-13T15:50:23.139+03:00  WARN 59904 --- [ro.uaic.App.main()] org.hibernate.orm.deprecation            : HHH90000025: PostgreSQLDialect does not need to be specified explicitly using 'hibernate.dialect' (remove the property setting and it will be selected by default)
2026-05-13T15:50:23.157+03:00  INFO 59904 --- [ro.uaic.App.main()] org.hibernate.orm.connections.pooling    : HHH10001005: Database info:
	Database JDBC URL [jdbc:postgresql://localhost:5432/lab11db]
	Database driver: PostgreSQL JDBC Driver
	Database dialect: PostgreSQLDialect
	Database version: 18.3
	Default catalog/schema: lab11db/public
	Autocommit mode: undefined/unknown
	Isolation level: READ_COMMITTED [default READ_COMMITTED]
	JDBC fetch size: none
	Pool: DataSourceConnectionProvider
	Minimum pool size: undefined/unknown
	Maximum pool size: undefined/unknown
2026-05-13T15:50:23.791+03:00  INFO 59904 --- [ro.uaic.App.main()] org.hibernate.orm.core                   : HHH000489: No JTA platform available (set 'hibernate.transaction.jta.platform' to enable JTA platform integration)
2026-05-13T15:50:23.847+03:00  INFO 59904 --- [ro.uaic.App.main()] j.LocalContainerEntityManagerFactoryBean : Initialized JPA EntityManagerFactory for persistence unit 'default'
2026-05-13T15:50:23.912+03:00  INFO 59904 --- [ro.uaic.App.main()] o.s.d.j.r.query.QueryEnhancerFactories   : Hibernate is in classpath; If applicable, HQL parser will be used.
2026-05-13T15:50:24.461+03:00  INFO 59904 --- [ro.uaic.App.main()] ro.uaic.App                              : Started App in 2.95 seconds (process running for 4.875)
2026-05-13T15:51:32.928+03:00  INFO 59904 --- [SpringApplicationShutdownHook] j.LocalContainerEntityManagerFactoryBean : Closing JPA EntityManagerFactory for persistence unit 'default'
2026-05-13T15:51:32.929+03:00  WARN 59904 --- [SpringApplicationShutdownHook] o.s.b.f.support.DisposableBeanAdapter    : Invocation of destroy method failed on bean with name 'entityManagerFactory': java.lang.NoClassDefFoundError: org/springframework/util/ConcurrentReferenceHashMap$Values
2026-05-13T15:51:32.929+03:00  INFO 59904 --- [SpringApplicationShutdownHook] com.zaxxer.hikari.HikariDataSource       : HikariPool-1 - Shutdown initiated...
2026-05-13T15:51:32.935+03:00  INFO 59904 --- [SpringApplicationShutdownHook] com.zaxxer.hikari.HikariDataSource       : HikariPool-1 - Shutdown completed.
